2026-05-13 10:02:58
系统自检完成 (2400ms)

✓ 硬件初始化: 硬件初始化完成
⚠ 文件系统检查: 警告：配置文件不存在，将使用默认配置
✓ 配置文件加载: 配置文件加载完成
✓ 主控制器连接: 主控制器连接成功
✓ AGV控制器连接: AGV控制器连接成功
✓ 矩阵键盘检测: 输入设备检测完成
✓ UI初始化: 用户界面初始化完成

总计: 6成功, 1警告, 0失败

2026-05-13 10:08:20
系统自检完成 (2328ms)

✓ 硬件初始化: 硬件初始化完成
⚠ 文件系统检查: 警告：配置文件不存在，将使用默认配置
✓ 配置文件加载: 配置文件加载完成
✓ 主控制器连接: 主控制器连接成功
✓ AGV控制器连接: AGV控制器连接成功
✓ 矩阵键盘检测: 输入设备检测完成
✓ UI初始化: 用户界面初始化完成

总计: 6成功, 1警告, 0失败

2026-05-13 10:15:53
系统自检完成 (2249ms)

✓ 硬件初始化: 硬件初始化完成
⚠ 文件系统检查: 警告：配置文件不存在，将使用默认配置
✓ 配置文件加载: 配置文件加载完成
✓ 主控制器连接: 主控制器连接成功
✓ AGV控制器连接: AGV控制器连接成功
✓ 矩阵键盘检测: 输入设备检测完成
✓ UI初始化: 用户界面初始化完成

总计: 6成功, 1警告, 0失败

2026-05-13 10:20:37
系统自检完成 (2250ms)

✓ 硬件初始化: 硬件初始化完成
⚠ 文件系统检查: 警告：配置文件不存在，将使用默认配置
✓ 配置文件加载: 配置文件加载完成
✓ 主控制器连接: 主控制器连接成功
✓ AGV控制器连接: AGV控制器连接成功
✓ 矩阵键盘检测: 输入设备检测完成
✓ UI初始化: 用户界面初始化完成

总计: 6成功, 1警告, 0失败

2026-05-13 10:21:25
系统自检完成 (2310ms)

✓ 硬件初始化: 硬件初始化完成
⚠ 文件系统检查: 警告：配置文件不存在，将使用默认配置
✓ 配置文件加载: 配置文件加载完成
✓ 主控制器连接: 主控制器连接成功
✓ AGV控制器连接: AGV控制器连接成功
✓ 矩阵键盘检测: 输入设备检测完成
✓ UI初始化: 用户界面初始化完成

总计: 6成功, 1警告, 0失败

2026-05-13 10:24:17
系统自检完成 (2379ms)

✓ 硬件初始化: 硬件初始化完成
⚠ 文件系统检查: 警告：配置文件不存在，将使用默认配置
✓ 配置文件加载: 配置文件加载完成
✓ 主控制器连接: 主控制器连接成功
✓ AGV控制器连接: AGV控制器连接成功
✓ 矩阵键盘检测: 输入设备检测完成
✓ UI初始化: 用户界面初始化完成

总计: 6成功, 1警告, 0失败

2026-05-13 19:07:19
系统自检完成 (3278ms)

✓ 硬件初始化: 硬件初始化完成
⚠ 文件系统检查: 警告：配置文件不存在，将使用默认配置
✓ 配置文件加载: 配置文件加载完成
✓ 主控制器连接: 主控制器连接成功
✓ AGV控制器连接: AGV控制器连接成功
✓ 矩阵键盘检测: 输入设备检测完成
✓ UI初始化: 用户界面初始化完成

总计: 6成功, 1警告, 0失败

2026-05-13 19:18:41
系统自检完成 (2437ms)

✓ 硬件初始化: 硬件初始化完成
⚠ 文件系统检查: 警告：配置文件不存在，将使用默认配置
✓ 配置文件加载: 配置文件加载完成
✓ 主控制器连接: 主控制器连接成功
✓ AGV控制器连接: AGV控制器连接成功
✓ 矩阵键盘检测: 输入设备检测完成
✓ UI初始化: 用户界面初始化完成

总计: 6成功, 1警告, 0失败

2026-05-13 19:19:46
系统自检完成 (2249ms)

✓ 硬件初始化: 硬件初始化完成
⚠ 文件系统检查: 警告：配置文件不存在，将使用默认配置
✓ 配置文件加载: 配置文件加载完成
✓ 主控制器连接: 主控制器连接成功
✓ AGV控制器连接: AGV控制器连接成功
✓ 矩阵键盘检测: 输入设备检测完成
✓ UI初始化: 用户界面初始化完成

总计: 6成功, 1警告, 0失败

2026-05-13 19:26:44
系统自检完成 (2312ms)

✓ 硬件初始化: 硬件初始化完成
⚠ 文件系统检查: 警告：配置文件不存在，将使用默认配置
✓ 配置文件加载: 配置文件加载完成
✓ 主控制器连接: 主控制器连接成功
✓ AGV控制器连接: AGV控制器连接成功
✓ 矩阵键盘检测: 输入设备检测完成
✓ UI初始化: 用户界面初始化完成

总计: 6成功, 1警告, 0失败

2026-06-17 17:31:21
系统自检完成 (8955ms)

✓ 硬件初始化: 硬件初始化完成
⚠ 文件系统检查: 警告：配置文件不存在，将使用默认配置
✓ 配置文件加载: 配置文件加载完成
⚠ 主控制器连接: 警告：主控制器未连接（用户选择继续）
⚠ AGV控制器连接: 已跳过（用户选择继续）
⚠ 矩阵键盘检测: 已跳过（用户选择继续）
⚠ UI初始化: 已跳过（用户选择继续）

总计: 2成功, 5警告, 0失败

2026-06-17 17:43:01
系统自检完成 (2333ms)

✓ 硬件初始化: 硬件初始化完成
⚠ 文件系统检查: 警告：配置文件不存在，将使用默认配置
✓ 配置文件加载: 配置文件加载完成
✓ 主控制器连接: 主控制器连接成功
✓ AGV控制器连接: AGV控制器连接成功
✓ 矩阵键盘检测: 输入设备检测完成
✓ UI初始化: 用户界面初始化完成

总计: 6成功, 1警告, 0失败

2026-06-17 17:50:21
系统自检完成 (2316ms)

✓ 硬件初始化: 硬件初始化完成
⚠ 文件系统检查: 警告：配置文件不存在，将使用默认配置
✓ 配置文件加载: 配置文件加载完成
✓ 主控制器连接: 主控制器连接成功
✓ AGV控制器连接: AGV控制器连接成功
✓ 矩阵键盘检测: 输入设备检测完成
✓ UI初始化: 用户界面初始化完成

总计: 6成功, 1警告, 0失败

